====== Training Start (2025-11-26 20:04:14.049853) ======
====== Training Start (2025-11-26 20:46:23.616540) ======
[33mEpoch 1/10 | [32mTrain Loss: 0.0787 | [36mVal Loss: 0.2371 | [35mVal Acc: 0.8485[0m
[Save] Best model saved: ./out/model/resnet18.pth
[33mEpoch 2/10 | [32mTrain Loss: 0.0164 | [36mVal Loss: 0.0107 | [35mVal Acc: 1.0000[0m
[Save] Best model saved: ./out/model/resnet18.pth
[33mEpoch 3/10 | [32mTrain Loss: 0.0096 | [36mVal Loss: 0.0182 | [35mVal Acc: 0.9697[0m
[33mEpoch 4/10 | [32mTrain Loss: 0.0058 | [36mVal Loss: 0.1437 | [35mVal Acc: 0.9091[0m
[33mEpoch 5/10 | [32mTrain Loss: 0.0025 | [36mVal Loss: 0.4405 | [35mVal Acc: 0.8485[0m
[33mEpoch 6/10 | [32mTrain Loss: 0.0035 | [36mVal Loss: 0.0639 | [35mVal Acc: 0.9697[0m
[33mEpoch 7/10 | [32mTrain Loss: 0.0008 | [36mVal Loss: 0.1913 | [35mVal Acc: 0.9091[0m
[Early Stop] Training stopped.
====== Training End ======

====== Training Start (2025-11-26 20:47:49.666086) ======
[33mEpoch 1/10 | [32mTrain Loss: 0.1126 | [36mVal Loss: 0.0696 | [35mVal Acc: 0.9394[0m
[Save] Best model saved: ./out/model/effnet_b0.pth
[33mEpoch 2/10 | [32mTrain Loss: 0.0295 | [36mVal Loss: 0.0073 | [35mVal Acc: 1.0000[0m
[Save] Best model saved: ./out/model/effnet_b0.pth
[33mEpoch 3/10 | [32mTrain Loss: 0.0013 | [36mVal Loss: 0.0033 | [35mVal Acc: 1.0000[0m
[Save] Best model saved: ./out/model/effnet_b0.pth
[33mEpoch 4/10 | [32mTrain Loss: 0.0020 | [36mVal Loss: 0.0319 | [35mVal Acc: 0.9697[0m
[33mEpoch 5/10 | [32mTrain Loss: 0.0055 | [36mVal Loss: 0.0041 | [35mVal Acc: 1.0000[0m
[33mEpoch 6/10 | [32mTrain Loss: 0.0150 | [36mVal Loss: 0.0758 | [35mVal Acc: 0.9394[0m
[33mEpoch 7/10 | [32mTrain Loss: 0.0033 | [36mVal Loss: 0.0199 | [35mVal Acc: 0.9697[0m
[33mEpoch 8/10 | [32mTrain Loss: 0.0004 | [36mVal Loss: 0.0030 | [35mVal Acc: 1.0000[0m
[Save] Best model saved: ./out/model/effnet_b0.pth
[33mEpoch 9/10 | [32mTrain Loss: 0.0001 | [36mVal Loss: 0.0025 | [35mVal Acc: 1.0000[0m
[Save] Best model saved: ./out/model/effnet_b0.pth
[33mEpoch 10/10 | [32mTrain Loss: 0.0001 | [36mVal Loss: 0.0025 | [35mVal Acc: 1.0000[0m
====== Training End ======

====== Training Start (2025-11-26 20:50:17.125289) ======
[33mEpoch 1/10 | [32mTrain Loss: 0.4470 | [36mVal Loss: 0.1012 | [35mVal Acc: 0.8788[0m
[Save] Best model saved: ./out/model/simplecnn.pth
[33mEpoch 2/10 | [32mTrain Loss: 0.1055 | [36mVal Loss: 0.0341 | [35mVal Acc: 1.0000[0m
[Save] Best model saved: ./out/model/simplecnn.pth
[33mEpoch 3/10 | [32mTrain Loss: 0.0555 | [36mVal Loss: 0.0564 | [35mVal Acc: 0.9697[0m
[33mEpoch 4/10 | [32mTrain Loss: 0.0252 | [36mVal Loss: 0.0760 | [35mVal Acc: 0.9697[0m
[33mEpoch 5/10 | [32mTrain Loss: 0.0294 | [36mVal Loss: 0.0853 | [35mVal Acc: 0.9697[0m
[33mEpoch 6/10 | [32mTrain Loss: 0.0069 | [36mVal Loss: 0.0743 | [35mVal Acc: 0.9697[0m
[33mEpoch 7/10 | [32mTrain Loss: 0.0065 | [36mVal Loss: 0.0744 | [35mVal Acc: 0.9091[0m
[Early Stop] Training stopped.
====== Training End ======

